// Jest Snapshot v1, https://goo.gl/fbAQLP

exports[`StellerPayment Component matches snapshot 1`] = `
<div
  class="border border-gray-400 rounded-2xl mt-6 overflow-hidden"
>
  <div
    class=" p-6  "
  >
    <h2
      class="text-2xl font-semibold text-gray-800 mb-4"
    >
      Stellar Blockchain Wallet
      <br />
      <span
        class="text-sm text-gray-500"
      >
        Manage your Stellar wallet for healthcare payments
      </span>
    </h2>
    <div
      class="flex justify-between items-center border border-gray-300 p-4 shadow rounded "
    >
      <div>
        <p
          class="text-base text-gray-600 mb-2 "
        >
          Wallet Status
        </p>
        <p
          class="text-green-500 bg-green-100 px-2 py-1 rounded-2xl inline-flex items-center"
        >
          <svg
            class="w-4 h-4 mr-1"
            fill="none"
            stroke="currentColor"
            viewBox="0 0 24 24"
            xmlns="http://www.w3.org/2000/svg"
          >
            <path
              d="M5 13l4 4L19 7"
              stroke-linecap="round"
              stroke-linejoin="round"
              stroke-width="2"
            />
          </svg>
          Blockchain verified.
        </p>
        <span>
          Connected to Stellar Network
        </span>
      </div>
      <div>
        <p
          class="text-sm text-gray-600"
        >
          Wallet Balance
        </p>
        <p
          class="text-2xl font-bold text-gray-800"
        >
          $350.00 USD
        </p>
      </div>
    </div>
  </div>
  <div
    class=" p-6"
  >
    <div
      class="border border-gray-300 rounded-2xl p-4"
    >
      <h2
        class="text-lg font-semibold text-gray-800 mb-4"
      >
        Transaction History
      </h2>
      <div
        class="flex justify-between items-center py-3  last:border-b-0"
      >
        <div>
          <p
            class="text-gray-800"
          >
            City General Hospital
          </p>
          <p
            class="text-sm text-gray-500"
          >
            February 15, 2025
          </p>
        </div>
        <div
          class="text-right"
        >
          <p
            class="font-medium text-red-500"
          >
            -$85.00
          </p>
          <p
            class="text-sm text-gray-500"
          >
            TX: STLR_AFRD
          </p>
        </div>
      </div>
      <div
        class="flex justify-between items-center py-3  last:border-b-0"
      >
        <div>
          <p
            class="text-gray-800"
          >
            Bright Smile Dental
          </p>
          <p
            class="text-sm text-gray-500"
          >
            February 1, 2025
          </p>
        </div>
        <div
          class="text-right"
        >
          <p
            class="font-medium text-red-500"
          >
            -$150.00
          </p>
          <p
            class="text-sm text-gray-500"
          >
            TX: STLR_BASIC
          </p>
        </div>
      </div>
      <div
        class="flex justify-between items-center py-3  last:border-b-0"
      >
        <div>
          <p
            class="text-gray-800"
          >
            From Bank Account
          </p>
          <p
            class="text-sm text-gray-500"
          >
            January 25, 2025
          </p>
        </div>
        <div
          class="text-right"
        >
          <p
            class="font-medium text-green-500"
          >
            +$500.00
          </p>
          <p
            class="text-sm text-gray-500"
          >
            TX: STLR_78SE
          </p>
        </div>
      </div>
    </div>
    <div
      class="flex justify-between items-center mt-4"
    >
      <button
        class="bg-[#0096CC] w-[48%] text-white px-4 py-2 rounded hover:bg-[#558ca0]"
      >
        Add Funds
      </button>
      <button
        class="text-gray-500 flex items-center justify-center border-gray-300 rounded space-x-1 w-[48%] border md:py-2 px-4 "
      >
        <span
          class="text-sm"
        >
          Export Transactions
        </span>
        <svg
          class="w-4 h-4"
          fill="none"
          stroke="currentColor"
          viewBox="0 0 24 24"
          xmlns="http://www.w3.org/2000/svg"
        >
          <path
            d="M4 16v2a2 2 0 002 2h12a2 2 0 002-2v-2m-4-4l-4 4m0 0l-4-4m4 4V4"
            stroke-linecap="round"
            stroke-linejoin="round"
            stroke-width="2"
          />
        </svg>
      </button>
    </div>
  </div>
</div>
`;
