// Jest Snapshot v1, https://goo.gl/fbAQLP

exports[`KeyFeaturesSection Component matches snapshot 1`] = `
<section
  class="py-16 px-4 sm:px-6 lg:px-8 bg-gray-50"
>
  <div
    class="max-w-7xl mx-auto"
  >
    <div
      class="text-center mb-12"
    >
      <h2
        class="text-4xl sm:text-4xl font-bold text-gray-900 mb-4"
      >
        Key Features
      </h2>
      <p
        class="text-xl text-gray-600 max-w-3xl mx-auto"
      >
        Our platform provides comprehensive healthcare management with blockchain security.
      </p>
    </div>
    <div
      class="grid grid-cols-1 md:grid-cols-2 lg:grid-cols-3 gap-8"
    >
      <div
        class="bg-white rounded-xl p-8 shadow-sm hover:shadow-md transition-shadow duration-300 border border-gray-100"
      >
        <div
          class="flex justify-center mb-6"
        >
          <div
            class="p-3 bg-blue-50 rounded-lg"
          >
            <div
              data-testid="users-icon"
            >
              Users Icon
            </div>
          </div>
        </div>
        <div
          class="text-center"
        >
          <h3
            class="text-2xl font-semibold text-gray-900 mb-3"
          >
            Role-Based Access
          </h3>
          <p
            class="text-gray-600 leading-relaxed text-xl"
          >
            Tailored interfaces for hospitals, doctors, and patients with appropriate controls.
          </p>
        </div>
      </div>
      <div
        class="bg-white rounded-xl p-8 shadow-sm hover:shadow-md transition-shadow duration-300 border border-gray-100"
      >
        <div
          class="flex justify-center mb-6"
        >
          <div
            class="p-3 bg-blue-50 rounded-lg"
          >
            <div
              data-testid="filetext-icon"
            >
              FileText Icon
            </div>
          </div>
        </div>
        <div
          class="text-center"
        >
          <h3
            class="text-2xl font-semibold text-gray-900 mb-3"
          >
            Secure Medical Records
          </h3>
          <p
            class="text-gray-600 leading-relaxed text-xl"
          >
            Blockchain-verified medical history with secure sharing controls.
          </p>
        </div>
      </div>
      <div
        class="bg-white rounded-xl p-8 shadow-sm hover:shadow-md transition-shadow duration-300 border border-gray-100"
      >
        <div
          class="flex justify-center mb-6"
        >
          <div
            class="p-3 bg-blue-50 rounded-lg"
          >
            <div
              data-testid="calendar-icon"
            >
              Calendar Icon
            </div>
          </div>
        </div>
        <div
          class="text-center"
        >
          <h3
            class="text-2xl font-semibold text-gray-900 mb-3"
          >
            Appointment System
          </h3>
          <p
            class="text-gray-600 leading-relaxed text-xl"
          >
            Smart scheduling with availability management and notifications.
          </p>
        </div>
      </div>
      <div
        class="bg-white rounded-xl p-8 shadow-sm hover:shadow-md transition-shadow duration-300 border border-gray-100"
      >
        <div
          class="flex justify-center mb-6"
        >
          <div
            class="p-3 bg-blue-50 rounded-lg"
          >
            <div
              data-testid="creditcard-icon"
            >
              CreditCard Icon
            </div>
          </div>
        </div>
        <div
          class="text-center"
        >
          <h3
            class="text-2xl font-semibold text-gray-900 mb-3"
          >
            Stellar Payments
          </h3>
          <p
            class="text-gray-600 leading-relaxed text-xl"
          >
            Verified Stellar blockchain wallet for secure and transparent payments.
          </p>
        </div>
      </div>
      <div
        class="bg-white rounded-xl p-8 shadow-sm hover:shadow-md transition-shadow duration-300 border border-gray-100"
      >
        <div
          class="flex justify-center mb-6"
        >
          <div
            class="p-3 bg-blue-50 rounded-lg"
          >
            <div
              data-testid="shield-icon"
            >
              Shield Icon
            </div>
          </div>
        </div>
        <div
          class="text-center"
        >
          <h3
            class="text-2xl font-semibold text-gray-900 mb-3"
          >
            Enhanced Security
          </h3>
          <p
            class="text-gray-600 leading-relaxed text-xl"
          >
            Multi-layered using biometrics and encryption for maximum data protection.
          </p>
        </div>
      </div>
      <div
        class="bg-white rounded-xl p-8 shadow-sm hover:shadow-md transition-shadow duration-300 border border-gray-100"
      >
        <div
          class="flex justify-center mb-6"
        >
          <div
            class="p-3 bg-blue-50 rounded-lg"
          >
            <div
              data-testid="checkcircle-icon"
            >
              CheckCircle Icon
            </div>
          </div>
        </div>
        <div
          class="text-center"
        >
          <h3
            class="text-2xl font-semibold text-gray-900 mb-3"
          >
            Blockchain Verification
          </h3>
          <p
            class="text-gray-600 leading-relaxed text-xl"
          >
            Stellar indicators for blockchain-verified data and transactions.
          </p>
        </div>
      </div>
    </div>
  </div>
</section>
`;
